// Jest Snapshot v1, https://goo.gl/fbAQLP

exports[`<LocationField /> should match snapshots 1`] = `
<div>
  <input
    control={[Function]}
    name="Field Name"
    onPlaceSelected={[Function]}
    placeholder="Location Display Name"
    types={Array []}
  />
  <button
    attached="bottom"
    onClick={[Function]}
  >
    CLEAR LOCATION
  </button>
</div>
`;
